DRG_90_00252179000002.csv
store_id,upc_code,item_name,date,amount,quantity,unit_price,category,size,msu
90,00252179000002,CHICKEN SALAD B,2015-06-30,167.86,14.0,11.99,,EACH,1
90,00252179000002,CHICKEN SALAD B,2015-07-01,119.9,10.0,11.99,,EACH,1
90,00252179000002,CHICKEN SALAD B,2015-07-02,95.92,8.0,11.99,,EACH,1
90,00252179000002,CHICKEN SALAD B,2015-07-03,23.98,2.0,11.99,,EACH,1
90,00252179000002,CHICKEN SALAD B,2015-07-04,23.98,2.0,11.99,,EACH,1
90,00252179000002,CHICKEN SALAD B,2015-07-05,23.98,2.0,11.99,,EACH,1
90,00252179000002,CHICKEN SALAD B,2015-07-06,59.95,5.0,11.99,,EACH,1
90,00252179000002,CHICKEN SALAD B,2015-07-07,71.94,6.0,11.99,,EACH,1
90,00252179000002,CHICKEN SALAD B,2015-07-08,83.93,7.0,11.99,,EACH,1
90,00252179000002,CHICKEN SALAD B,2015-07-09,47.96,4.0,11.99,,EACH,1
90,00252179000002,CHICKEN SALAD B,2015-07-10,59.95,5.0,11.99,,EACH,1
90,00252179000002,CHICKEN SALAD B,2015-07-11,23.98,2.0,11.99,,EACH,1
90,00252179000002,CHICKEN SALAD B,2015-07-12,83.93,7.0,11.99,,EACH,1
90,00252179000002,CHICKEN SALAD B,2015-07-13,71.94,6.0,11.99,,EACH,1
90,00252179000002,CHICKEN SALAD B,2015-07-14,107.91,9.0,11.99,,EACH,1
90,00252179000002,CHICKEN SALAD B,2015-07-15,95.92,8.0,11.99,,EACH,1
90,00252179000002,CHICKEN SALAD B,2015-07-16,119.9,10.0,11.99,,EACH,1
90,00252179000002,CHICKEN SALAD B,2015-07-17,71.94,6.0,11.99,,EACH,1
90,00252179000002,CHICKEN SALAD B,2015-07-18,23.98,2.0,11.99,,EACH,1
90,00252179000002,CHICKEN SALAD B,2015-07-19,35.97,3.0,11.99,,EACH,1
90,00252179000002,CHICKEN SALAD B,2015-07-20,83.93,7.0,11.99,,EACH,1
90,00252179000002,CHICKEN SALAD B,2015-07-21,71.94,6.0,11.99,,EACH,1
90,00252179000002,CHICKEN SALAD B,2015-07-22,71.94,6.0,11.99,,EACH,1
90,00252179000002,CHICKEN SALAD B,2015-07-23,59.95,5.0,11.99,,EACH,1
90,00252179000002,CHICKEN SALAD B,2015-07-24,35.97,3.0,11.99,,EACH,1
90,00252179000002,CHICKEN SALAD B,2015-07-25,47.96,4.0,11.99,,EACH,1
90,00252179000002,CHICKEN SALAD B,2015-07-26,35.97,3.0,11.99,,EACH,1
90,00252179000002,CHICKEN SALAD B,2015-07-27,47.96,4.0,11.99,,EACH,1
90,00252179000002,CHICKEN SALAD B,2015-07-28,35.97,3.0,11.99,,EACH,1
90,00252179000002,CHICKEN SALAD B,2015-07-29,59.95,5.0,11.99,,EACH,1
90,00252179000002,CHICKEN SALAD B,2015-07-30,119.9,10.0,11.99,,EACH,1
90,00252179000002,CHICKEN SALAD B,2015-07-31,83.93,7.0,11.99,,EACH,1
90,00252179000002,CHICKEN SALAD B,2015-08-01,119.9,10.0,11.99,,EACH,1
90,00252179000002,CHICKEN SALAD B,2015-08-02,47.96,4.0,11.99,,EACH,1
90,00252179000002,CHICKEN SALAD B,2015-08-03,47.96,4.0,11.99,,EACH,1
90,00252179000002,CHICKEN SALAD B,2015-08-04,23.98,2.0,11.99,,EACH,1
90,00252179000002,CHICKEN SALAD B,2015-08-05,95.92,8.0,11.99,,EACH,1
90,00252179000002,CHICKEN SALAD B,2015-08-06,95.92,8.0,11.99,,EACH,1
90,00252179000002,CHICKEN SALAD B,2015-08-07,47.96,4.0,11.99,,EACH,1
90,00252179000002,CHICKEN SALAD B,2015-08-08,11.99,1.0,11.99,,EACH,1
90,00252179000002,CHICKEN SALAD B,2015-08-09,47.96,4.0,11.99,,EACH,1
90,00252179000002,CHICKEN SALAD B,2015-08-10,71.94,6.0,11.99,,EACH,1
90,00252179000002,CHICKEN SALAD B,2015-08-11,59.95,5.0,11.99,,EACH,1
90,00252179000002,CHICKEN SALAD B,2015-08-12,95.92,8.0,11.99,,EACH,1
90,00252179000002,CHICKEN SALAD B,2015-08-13,35.97,3.0,11.99,,EACH,1
90,00252179000002,CHICKEN SALAD B,2015-08-14,47.96,4.0,11.99,,EACH,1
90,00252179000002,CHICKEN SALAD B,2015-08-15,95.92,8.0,11.99,,EACH,1
90,00252179000002,CHICKEN SALAD B,2015-08-16,23.98,2.0,11.99,,EACH,1
90,00252179000002,CHICKEN SALAD B,2015-08-17,59.95,5.0,11.99,,EACH,1
90,00252179000002,CHICKEN SALAD B,2015-08-18,35.97,3.0,11.99,,EACH,1
90,00252179000002,CHICKEN SALAD B,2015-08-19,167.86,14.0,11.99,,EACH,1
90,00252179000002,CHICKEN SALAD B,2015-08-20,83.93,7.0,11.99,,EACH,1
90,00252179000002,CHICKEN SALAD B,2015-08-21,59.95,5.0,11.99,,EACH,1
90,00252179000002,CHICKEN SALAD B,2015-08-22,23.98,2.0,11.99,,EACH,1
90,00252179000002,CHICKEN SALAD B,2015-08-23,59.95,5.0,11.99,,EACH,1
90,00252179000002,CHICKEN SALAD B,2015-08-25,107.91,9.0,11.99,,EACH,1
90,00252179000002,CHICKEN SALAD B,2015-08-26,11.99,1.0,11.99,,EACH,1
90,00252179000002,CHICKEN SALAD B,2015-08-27,71.94,6.0,11.99,,EACH,1
90,00252179000002,CHICKEN SALAD B,2015-08-28,119.9,10.0,11.99,,EACH,1
90,00252179000002,CHICKEN SALAD B,2015-08-29,71.94,6.0,11.99,,EACH,1
90,00252179000002,CHICKEN SALAD B,2015-08-30,83.93,7.0,11.99,,EACH,1
90,00252179000002,CHICKEN SALAD B,2015-08-31,59.95,5.0,11.99,,EACH,1
90,00252179000002,CHICKEN SALAD B,2015-09-01,71.94,6.0,11.99,,EACH,1
90,00252179000002,CHICKEN SALAD B,2015-09-02,83.93,7.0,11.99,,EACH,1
90,00252179000002,CHICKEN SALAD B,2015-09-03,35.97,3.0,11.99,,EACH,1
90,00252179000002,CHICKEN SALAD B,2015-09-04,47.96,4.0,11.99,,EACH,1
90,00252179000002,CHICKEN SALAD B,2015-09-05,47.96,4.0,11.99,,EACH,1
90,00252179000002,CHICKEN SALAD B,2015-09-06,59.95,5.0,11.99,,EACH,1
90,00252179000002,CHICKEN SALAD B,2015-09-07,47.96,4.0,11.99,,EACH,1
90,00252179000002,CHICKEN SALAD B,2015-09-08,59.95,5.0,11.99,,EACH,1
90,00252179000002,CHICKEN SALAD B,2015-09-09,71.94,6.0,11.99,,EACH,1
90,00252179000002,CHICKEN SALAD B,2015-09-10,167.86,14.0,11.99,,EACH,1
90,00252179000002,CHICKEN SALAD B,2015-09-11,47.96,4.0,11.99,,EACH,1
90,00252179000002,CHICKEN SALAD B,2015-09-12,12.0,1.0,12.0,,EACH,1
90,00252179000002,CHICKEN SALAD B,2015-09-12,11.99,1.0,11.99,,EACH,1
90,00252179000002,CHICKEN SALAD B,2015-09-13,23.98,2.0,11.99,,EACH,1
90,00252179000002,CHICKEN SALAD B,2015-09-14,71.94,6.0,11.99,,EACH,1
90,00252179000002,CHICKEN SALAD B,2015-09-15,107.91,9.0,11.99,,EACH,1
90,00252179000002,CHICKEN SALAD B,2015-09-16,83.93,7.0,11.99,,EACH,1
90,00252179000002,CHICKEN SALAD B,2015-09-17,83.93,7.0,11.99,,EACH,1
90,00252179000002,CHICKEN SALAD B,2015-09-18,131.89,11.0,11.99,,EACH,1
90,00252179000002,CHICKEN SALAD B,2015-09-19,47.96,4.0,11.99,,EACH,1
90,00252179000002,CHICKEN SALAD B,2015-09-20,11.99,1.0,11.99,,EACH,1
90,00252179000002,CHICKEN SALAD B,2015-09-21,143.88,12.0,11.99,,EACH,1
90,00252179000002,CHICKEN SALAD B,2015-09-22,95.92,8.0,11.99,,EACH,1
90,00252179000002,CHICKEN SALAD B,2015-09-23,83.93,7.0,11.99,,EACH,1
90,00252179000002,CHICKEN SALAD B,2015-09-24,83.93,7.0,11.99,,EACH,1
90,00252179000002,CHICKEN SALAD B,2015-09-25,83.93,7.0,11.99,,EACH,1
90,00252179000002,CHICKEN SALAD B,2015-09-26,59.95,5.0,11.99,,EACH,1
90,00252179000002,CHICKEN SALAD B,2015-09-27,107.91,9.0,11.99,,EACH,1
90,00252179000002,CHICKEN SALAD B,2015-09-28,35.97,3.0,11.99,,EACH,1
90,00252179000002,CHICKEN SALAD B,2015-09-29,35.97,3.0,11.99,,EACH,1
90,00252179000002,CHICKEN SALAD B,2015-09-30,59.95,5.0,11.99,,EACH,1
90,00252179000002,CHICKEN SALAD B,2015-10-01,71.94,6.0,11.99,,EACH,1
90,00252179000002,CHICKEN SALAD B,2015-10-02,47.96,4.0,11.99,,EACH,1
90,00252179000002,CHICKEN SALAD B,2015-10-03,83.93,7.0,11.99,,EACH,1
90,00252179000002,CHICKEN SALAD B,2015-10-04,11.99,1.0,11.99,,EACH,1
90,00252179000002,CHICKEN SALAD B,2015-10-05,95.92,8.0,11.99,,EACH,1
90,00252179000002,CHICKEN SALAD B,2015-10-06,155.87,13.0,11.99,,EACH,1
90,00252179000002,CHICKEN SALAD B,2015-10-07,23.98,2.0,11.99,,EACH,1
90,00252179000002,CHICKEN SALAD B,2015-10-08,119.9,10.0,11.99,,EACH,1
90,00252179000002,CHICKEN SALAD B,2015-10-09,59.95,5.0,11.99,,EACH,1
90,00252179000002,CHICKEN SALAD B,2015-10-10,83.93,7.0,11.99,,EACH,1
90,00252179000002,CHICKEN SALAD B,2015-10-11,71.94,6.0,11.99,,EACH,1
90,00252179000002,CHICKEN SALAD B,2015-10-12,71.94,6.0,11.99,,EACH,1
90,00252179000002,CHICKEN SALAD B,2015-10-13,83.93,7.0,11.99,,EACH,1
90,00252179000002,CHICKEN SALAD B,2015-10-14,47.96,4.0,11.99,,EACH,1
90,00252179000002,CHICKEN SALAD B,2015-10-15,83.93,7.0,11.99,,EACH,1
90,00252179000002,CHICKEN SALAD B,2015-10-16,107.91,9.0,11.99,,EACH,1
90,00252179000002,CHICKEN SALAD B,2015-10-17,83.93,7.0,11.99,,EACH,1
90,00252179000002,CHICKEN SALAD B,2015-10-18,23.98,2.0,11.99,,EACH,1
90,00252179000002,CHICKEN SALAD B,2015-10-19,71.94,6.0,11.99,,EACH,1
90,00252179000002,CHICKEN SALAD B,2015-10-20,107.91,9.0,11.99,,EACH,1
90,00252179000002,CHICKEN SALAD B,2015-10-21,47.96,4.0,11.99,,EACH,1
90,00252179000002,CHICKEN SALAD B,2015-10-22,107.91,9.0,11.99,,EACH,1
90,00252179000002,CHICKEN SALAD B,2015-10-24,23.98,2.0,11.99,,EACH,1
90,00252179000002,CHICKEN SALAD B,2015-10-25,59.95,5.0,11.99,,EACH,1
90,00252179000002,CHICKEN SALAD B,2015-10-26,11.99,1.0,11.99,,EACH,1
90,00252179000002,CHICKEN SALAD B,2015-10-27,107.91,9.0,11.99,,EACH,1
90,00252179000002,CHICKEN SALAD B,2015-10-28,35.97,3.0,11.99,,EACH,1
90,00252179000002,CHICKEN SALAD B,2015-10-29,95.92,8.0,11.99,,EACH,1
90,00252179000002,CHICKEN SALAD B,2015-10-30,71.94,6.0,11.99,,EACH,1
90,00252179000002,CHICKEN SALAD B,2015-10-31,23.98,2.0,11.99,,EACH,1
90,00252179000002,CHICKEN SALAD B,2015-11-01,23.98,2.0,11.99,,EACH,1
90,00252179000002,CHICKEN SALAD B,2015-11-02,59.95,5.0,11.99,,EACH,1
90,00252179000002,CHICKEN SALAD B,2015-11-03,83.93,7.0,11.99,,EACH,1
90,00252179000002,CHICKEN SALAD B,2015-11-04,47.96,4.0,11.99,,EACH,1
90,00252179000002,CHICKEN SALAD B,2015-11-05,59.95,5.0,11.99,,EACH,1
90,00252179000002,CHICKEN SALAD B,2015-11-06,47.96,4.0,11.99,,EACH,1
90,00252179000002,CHICKEN SALAD B,2015-11-07,47.96,4.0,11.99,,EACH,1
90,00252179000002,CHICKEN SALAD B,2015-11-08,59.95,5.0,11.99,,EACH,1
90,00252179000002,CHICKEN SALAD B,2015-11-09,71.94,6.0,11.99,,EACH,1
90,00252179000002,CHICKEN SALAD B,2015-11-10,83.93,7.0,11.99,,EACH,1
90,00252179000002,CHICKEN SALAD B,2015-11-11,119.9,10.0,11.99,,EACH,1
90,00252179000002,CHICKEN SALAD B,2015-11-12,35.97,3.0,11.99,,EACH,1
90,00252179000002,CHICKEN SALAD B,2015-11-14,59.95,5.0,11.99,,EACH,1
90,00252179000002,CHICKEN SALAD B,2015-11-15,35.97,3.0,11.99,,EACH,1
90,00252179000002,CHICKEN SALAD B,2015-11-16,47.96,4.0,11.99,,EACH,1
90,00252179000002,CHICKEN SALAD B,2015-11-17,47.96,4.0,11.99,,EACH,1
90,00252179000002,CHICKEN SALAD B,2015-11-18,35.97,3.0,11.99,,EACH,1
90,00252179000002,CHICKEN SALAD B,2015-11-19,59.95,5.0,11.99,,EACH,1
90,00252179000002,CHICKEN SALAD B,2015-11-20,11.99,1.0,11.99,,EACH,1
90,00252179000002,CHICKEN SALAD B,2015-11-21,35.97,3.0,11.99,,EACH,1
90,00252179000002,CHICKEN SALAD B,2015-11-22,95.92,8.0,11.99,,EACH,1
90,00252179000002,CHICKEN SALAD B,2015-11-23,11.99,1.0,11.99,,EACH,1
90,00252179000002,CHICKEN SALAD B,2015-11-25,23.98,2.0,11.99,,EACH,1
90,00252179000002,CHICKEN SALAD B,2015-11-27,11.99,1.0,11.99,,EACH,1
90,00252179000002,CHICKEN SALAD B,2015-11-28,23.98,2.0,11.99,,EACH,1
90,00252179000002,CHICKEN SALAD B,2015-11-29,83.93,7.0,11.99,,EACH,1
90,00252179000002,CHICKEN SALAD B,2015-11-30,35.97,3.0,11.99,,EACH,1
90,00252179000002,CHICKEN SALAD B,2015-12-01,119.9,10.0,11.99,,EACH,1
90,00252179000002,CHICKEN SALAD B,2015-12-04,95.92,8.0,11.99,,EACH,1
90,00252179000002,CHICKEN SALAD B,2015-12-05,11.99,1.0,11.99,,EACH,1
90,00252179000002,CHICKEN SALAD B,2015-12-07,35.97,3.0,11.99,,EACH,1
90,00252179000002,CHICKEN SALAD B,2015-12-08,35.97,3.0,11.99,,EACH,1
90,00252179000002,CHICKEN SALAD B,2015-12-09,47.96,4.0,11.99,,EACH,1
90,00252179000002,CHICKEN SALAD B,2015-12-10,107.91,9.0,11.99,,EACH,1
90,00252179000002,CHICKEN SALAD B,2015-12-11,59.95,5.0,11.99,,EACH,1
90,00252179000002,CHICKEN SALAD B,2015-12-12,71.94,6.0,11.99,,EACH,1
90,00252179000002,CHICKEN SALAD B,2015-12-13,59.95,5.0,11.99,,EACH,1
90,00252179000002,CHICKEN SALAD B,2015-12-14,47.96,4.0,11.99,,EACH,1
90,00252179000002,CHICKEN SALAD B,2015-12-15,71.94,6.0,11.99,,EACH,1
90,00252179000002,CHICKEN SALAD B,2015-12-16,47.96,4.0,11.99,,EACH,1
90,00252179000002,CHICKEN SALAD B,2015-12-17,47.96,4.0,11.99,,EACH,1
90,00252179000002,CHICKEN SALAD B,2015-12-18,35.97,3.0,11.99,,EACH,1
90,00252179000002,CHICKEN SALAD B,2015-12-19,59.95,5.0,11.99,,EACH,1
90,00252179000002,CHICKEN SALAD B,2015-12-20,83.93,7.0,11.99,,EACH,1
90,00252179000002,CHICKEN SALAD B,2015-12-21,71.94,6.0,11.99,,EACH,1
90,00252179000002,CHICKEN SALAD B,2015-12-22,35.97,3.0,11.99,,EACH,1
90,00252179000002,CHICKEN SALAD B,2015-12-23,83.93,7.0,11.99,,EACH,1
90,00252179000002,CHICKEN SALAD B,2015-12-24,47.96,4.0,11.99,,EACH,1
90,00252179000002,CHICKEN SALAD B,2015-12-27,23.98,2.0,11.99,,EACH,1
90,00252179000002,CHICKEN SALAD B,2015-12-28,11.99,1.0,11.99,,EACH,1
90,00252179000002,CHICKEN SALAD B,2015-12-29,23.98,2.0,11.99,,EACH,1
90,00252179000002,CHICKEN SALAD B,2015-12-30,71.94,6.0,11.99,,EACH,1
90,00252179000002,CHICKEN SALAD B,2015-12-31,35.97,3.0,11.99,,EACH,1
90,00252179000002,CHICKEN SALAD B,2016-01-02,35.97,3.0,11.99,,EACH,1
90,00252179000002,CHICKEN SALAD B,2016-01-03,59.95,5.0,11.99,,EACH,1
90,00252179000002,CHICKEN SALAD B,2016-01-04,71.94,6.0,11.99,,EACH,1
90,00252179000002,CHICKEN SALAD B,2016-01-05,47.96,4.0,11.99,,EACH,1
90,00252179000002,CHICKEN SALAD B,2016-01-06,47.96,4.0,11.99,,EACH,1
90,00252179000002,CHICKEN SALAD B,2016-01-07,59.95,5.0,11.99,,EACH,1
90,00252179000002,CHICKEN SALAD B,2016-01-08,83.93,7.0,11.99,,EACH,1
90,00252179000002,CHICKEN SALAD B,2016-01-09,71.94,6.0,11.99,,EACH,1
90,00252179000002,CHICKEN SALAD B,2016-01-10,59.95,5.0,11.99,,EACH,1
90,00252179000002,CHICKEN SALAD B,2016-01-11,71.94,6.0,11.99,,EACH,1
90,00252179000002,CHICKEN SALAD B,2016-01-12,71.94,6.0,11.99,,EACH,1
90,00252179000002,CHICKEN SALAD B,2016-01-13,47.96,4.0,11.99,,EACH,1
90,00252179000002,CHICKEN SALAD B,2016-01-14,119.9,10.0,11.99,,EACH,1
90,00252179000002,CHICKEN SALAD B,2016-01-15,83.93,7.0,11.99,,EACH,1
90,00252179000002,CHICKEN SALAD B,2016-01-16,35.97,3.0,11.99,,EACH,1
90,00252179000002,CHICKEN SALAD B,2016-01-17,71.94,6.0,11.99,,EACH,1
90,00252179000002,CHICKEN SALAD B,2016-01-18,23.98,2.0,11.99,,EACH,1
90,00252179000002,CHICKEN SALAD B,2016-01-19,35.97,3.0,11.99,,EACH,1
90,00252179000002,CHICKEN SALAD B,2016-01-20,35.97,3.0,11.99,,EACH,1
90,00252179000002,CHICKEN SALAD B,2016-01-21,95.92,8.0,11.99,,EACH,1
90,00252179000002,CHICKEN SALAD B,2016-01-22,83.93,7.0,11.99,,EACH,1
90,00252179000002,CHICKEN SALAD B,2016-01-23,11.99,1.0,11.99,,EACH,1
90,00252179000002,CHICKEN SALAD B,2016-01-24,11.99,1.0,11.99,,EACH,1
90,00252179000002,CHICKEN SALAD B,2016-01-25,71.94,6.0,11.99,,EACH,1
90,00252179000002,CHICKEN SALAD B,2016-01-26,95.92,8.0,11.99,,EACH,1
90,00252179000002,CHICKEN SALAD B,2016-01-27,59.95,5.0,11.99,,EACH,1
90,00252179000002,CHICKEN SALAD B,2016-01-28,35.97,3.0,11.99,,EACH,1
90,00252179000002,CHICKEN SALAD B,2016-01-29,35.97,3.0,11.99,,EACH,1
90,00252179000002,CHICKEN SALAD B,2016-01-30,59.95,5.0,11.99,,EACH,1
90,00252179000002,CHICKEN SALAD B,2016-01-31,35.97,3.0,11.99,,EACH,1
90,00252179000002,CHICKEN SALAD B,2016-02-01,95.92,8.0,11.99,,EACH,1
90,00252179000002,CHICKEN SALAD B,2016-02-02,107.91,9.0,11.99,,EACH,1
90,00252179000002,CHICKEN SALAD B,2016-02-04,35.97,3.0,11.99,,EACH,1
90,00252179000002,CHICKEN SALAD B,2016-02-05,47.96,4.0,11.99,,EACH,1
90,00252179000002,CHICKEN SALAD B,2016-02-06,95.92,8.0,11.99,,EACH,1
90,00252179000002,CHICKEN SALAD B,2016-02-07,107.91,9.0,11.99,,EACH,1
90,00252179000002,CHICKEN SALAD B,2016-02-08,47.96,4.0,11.99,,EACH,1
90,00252179000002,CHICKEN SALAD B,2016-02-09,107.91,9.0,11.99,,EACH,1
90,00252179000002,CHICKEN SALAD B,2016-02-10,59.95,5.0,11.99,,EACH,1
90,00252179000002,CHICKEN SALAD B,2016-02-11,59.95,5.0,11.99,,EACH,1
90,00252179000002,CHICKEN SALAD B,2016-02-12,23.98,2.0,11.99,,EACH,1
90,00252179000002,CHICKEN SALAD B,2016-02-13,131.89,11.0,11.99,,EACH,1
90,00252179000002,CHICKEN SALAD B,2016-02-14,47.96,4.0,11.99,,EACH,1
90,00252179000002,CHICKEN SALAD B,2016-02-15,95.92,8.0,11.99,,EACH,1
90,00252179000002,CHICKEN SALAD B,2016-02-16,35.97,3.0,11.99,,EACH,1
90,00252179000002,CHICKEN SALAD B,2016-02-17,47.96,4.0,11.99,,EACH,1
90,00252179000002,CHICKEN SALAD B,2016-02-18,59.95,5.0,11.99,,EACH,1
90,00252179000002,CHICKEN SALAD B,2016-02-19,47.96,4.0,11.99,,EACH,1
90,00252179000002,CHICKEN SALAD B,2016-02-20,35.97,3.0,11.99,,EACH,1
90,00252179000002,CHICKEN SALAD B,2016-02-21,71.94,6.0,11.99,,EACH,1
90,00252179000002,CHICKEN SALAD B,2016-02-22,71.94,6.0,11.99,,EACH,1
90,00252179000002,CHICKEN SALAD B,2016-02-23,83.93,7.0,11.99,,EACH,1
90,00252179000002,CHICKEN SALAD B,2016-02-24,35.97,3.0,11.99,,EACH,1
90,00252179000002,CHICKEN SALAD B,2016-02-25,143.88,12.0,11.99,,EACH,1
90,00252179000002,CHICKEN SALAD B,2016-02-26,59.95,5.0,11.99,,EACH,1
90,00252179000002,CHICKEN SALAD B,2016-02-27,35.97,3.0,11.99,,EACH,1
90,00252179000002,CHICKEN SALAD B,2016-02-28,71.94,6.0,11.99,,EACH,1
90,00252179000002,CHICKEN SALAD B,2016-02-29,59.95,5.0,11.99,,EACH,1
90,00252179000002,CHICKEN SALAD B,2016-03-01,143.88,12.0,11.99,,EACH,1
90,00252179000002,CHICKEN SALAD B,2016-03-02,71.94,6.0,11.99,,EACH,1
90,00252179000002,CHICKEN SALAD B,2016-03-03,95.92,8.0,11.99,,EACH,1
90,00252179000002,CHICKEN SALAD B,2016-03-04,119.9,10.0,11.99,,EACH,1
90,00252179000002,CHICKEN SALAD B,2016-03-05,71.94,6.0,11.99,,EACH,1
90,00252179000002,CHICKEN SALAD B,2016-03-06,23.98,2.0,11.99,,EACH,1
90,00252179000002,CHICKEN SALAD B,2016-03-07,47.96,4.0,11.99,,EACH,1
90,00252179000002,CHICKEN SALAD B,2016-03-08,143.88,12.0,11.99,,EACH,1
90,00252179000002,CHICKEN SALAD B,2016-03-09,23.98,2.0,11.99,,EACH,1
90,00252179000002,CHICKEN SALAD B,2016-03-10,47.96,4.0,11.99,,EACH,1
90,00252179000002,CHICKEN SALAD B,2016-03-11,35.97,3.0,11.99,,EACH,1
90,00252179000002,CHICKEN SALAD B,2016-03-12,119.9,10.0,11.99,,EACH,1
90,00252179000002,CHICKEN SALAD B,2016-03-13,23.98,2.0,11.99,,EACH,1
90,00252179000002,CHICKEN SALAD B,2016-03-14,35.97,3.0,11.99,,EACH,1
90,00252179000002,CHICKEN SALAD B,2016-03-15,35.97,3.0,11.99,,EACH,1
90,00252179000002,CHICKEN SALAD B,2016-03-16,95.92,8.0,11.99,,EACH,1
90,00252179000002,CHICKEN SALAD B,2016-03-17,59.95,5.0,11.99,,EACH,1
90,00252179000002,CHICKEN SALAD B,2016-03-18,23.98,2.0,11.99,,EACH,1
90,00252179000002,CHICKEN SALAD B,2016-03-19,95.92,8.0,11.99,,EACH,1
90,00252179000002,CHICKEN SALAD B,2016-03-20,23.98,2.0,11.99,,EACH,1
90,00252179000002,CHICKEN SALAD B,2016-03-21,47.96,4.0,11.99,,EACH,1
90,00252179000002,CHICKEN SALAD B,2016-03-22,23.98,2.0,11.99,,EACH,1
90,00252179000002,CHICKEN SALAD B,2016-03-23,83.93,7.0,11.99,,EACH,1
90,00252179000002,CHICKEN SALAD B,2016-03-24,119.9,10.0,11.99,,EACH,1
