DRG_90_00252179000002.csv
store_id,upc_code,item_name,date,amount,quantity,unit_price,category,size,msu
90,00252179000002,CHICKEN SALAD B,2016-03-25,47.96,4.0,11.99,,EACH,1
90,00252179000002,CHICKEN SALAD B,2016-03-26,83.93,7.0,11.99,,EACH,1
90,00252179000002,CHICKEN SALAD B,2016-03-27,95.92,8.0,11.99,,EACH,1
90,00252179000002,CHICKEN SALAD B,2016-03-28,11.99,1.0,11.99,,EACH,1
90,00252179000002,CHICKEN SALAD B,2016-03-29,35.97,3.0,11.99,,EACH,1
90,00252179000002,CHICKEN SALAD B,2016-03-30,47.96,4.0,11.99,,EACH,1
90,00252179000002,CHICKEN SALAD B,2016-03-31,83.93,7.0,11.99,,EACH,1
90,00252179000002,CHICKEN SALAD B,2016-04-01,107.91,9.0,11.99,,EACH,1
90,00252179000002,CHICKEN SALAD B,2016-04-02,47.96,4.0,11.99,,EACH,1
90,00252179000002,CHICKEN SALAD B,2016-04-03,71.94,6.0,11.99,,EACH,1
90,00252179000002,CHICKEN SALAD B,2016-04-04,59.95,5.0,11.99,,EACH,1
90,00252179000002,CHICKEN SALAD B,2016-04-05,71.94,6.0,11.99,,EACH,1
90,00252179000002,CHICKEN SALAD B,2016-04-06,23.98,2.0,11.99,,EACH,1
90,00252179000002,CHICKEN SALAD B,2016-04-07,35.97,3.0,11.99,,EACH,1
90,00252179000002,CHICKEN SALAD B,2016-04-08,23.98,2.0,11.99,,EACH,1
90,00252179000002,CHICKEN SALAD B,2016-04-09,71.94,6.0,11.99,,EACH,1
90,00252179000002,CHICKEN SALAD B,2016-04-11,47.96,4.0,11.99,,EACH,1
90,00252179000002,CHICKEN SALAD B,2016-04-12,119.9,10.0,11.99,,EACH,1
90,00252179000002,CHICKEN SALAD B,2016-04-13,83.93,7.0,11.99,,EACH,1
90,00252179000002,CHICKEN SALAD B,2016-04-14,83.93,7.0,11.99,,EACH,1
90,00252179000002,CHICKEN SALAD B,2016-04-17,107.91,9.0,11.99,,EACH,1
90,00252179000002,CHICKEN SALAD B,2016-04-18,47.96,4.0,11.99,,EACH,1
90,00252179000002,CHICKEN SALAD B,2016-04-19,35.97,3.0,11.99,,EACH,1
90,00252179000002,CHICKEN SALAD B,2016-04-20,95.92,8.0,11.99,,EACH,1
90,00252179000002,CHICKEN SALAD B,2016-04-21,59.95,5.0,11.99,,EACH,1
90,00252179000002,CHICKEN SALAD B,2016-04-22,71.94,6.0,11.99,,EACH,1
90,00252179000002,CHICKEN SALAD B,2016-04-23,59.95,5.0,11.99,,EACH,1
90,00252179000002,CHICKEN SALAD B,2016-04-24,83.93,7.0,11.99,,EACH,1
90,00252179000002,CHICKEN SALAD B,2016-04-25,71.94,6.0,11.99,,EACH,1
90,00252179000002,CHICKEN SALAD B,2016-04-26,59.95,5.0,11.99,,EACH,1
90,00252179000002,CHICKEN SALAD B,2016-04-27,71.94,6.0,11.99,,EACH,1
90,00252179000002,CHICKEN SALAD B,2016-04-28,23.98,2.0,11.99,,EACH,1
90,00252179000002,CHICKEN SALAD B,2016-04-29,11.99,1.0,11.99,,EACH,1
90,00252179000002,CHICKEN SALAD B,2016-04-30,59.95,5.0,11.99,,EACH,1
90,00252179000002,CHICKEN SALAD B,2016-05-01,59.95,5.0,11.99,,EACH,1
90,00252179000002,CHICKEN SALAD B,2016-05-02,95.92,8.0,11.99,,EACH,1
90,00252179000002,CHICKEN SALAD B,2016-05-03,83.93,7.0,11.99,,EACH,1
90,00252179000002,CHICKEN SALAD B,2016-05-04,95.92,8.0,11.99,,EACH,1
90,00252179000002,CHICKEN SALAD B,2016-05-05,83.93,7.0,11.99,,EACH,1
90,00252179000002,CHICKEN SALAD B,2016-05-06,35.97,3.0,11.99,,EACH,1
90,00252179000002,CHICKEN SALAD B,2016-05-07,47.96,4.0,11.99,,EACH,1
90,00252179000002,CHICKEN SALAD B,2016-05-08,119.9,10.0,11.99,,EACH,1
90,00252179000002,CHICKEN SALAD B,2016-05-09,11.99,1.0,11.99,,EACH,1
90,00252179000002,CHICKEN SALAD B,2016-05-10,95.92,8.0,11.99,,EACH,1
90,00252179000002,CHICKEN SALAD B,2016-05-11,11.99,1.0,11.99,,EACH,1
90,00252179000002,CHICKEN SALAD B,2016-05-12,35.97,3.0,11.99,,EACH,1
90,00252179000002,CHICKEN SALAD B,2016-05-13,83.93,7.0,11.99,,EACH,1
90,00252179000002,CHICKEN SALAD B,2016-05-14,119.9,10.0,11.99,,EACH,1
90,00252179000002,CHICKEN SALAD B,2016-05-15,131.89,11.0,11.99,,EACH,1
90,00252179000002,CHICKEN SALAD B,2016-05-16,35.97,3.0,11.99,,EACH,1
90,00252179000002,CHICKEN SALAD B,2016-05-17,35.97,3.0,11.99,,EACH,1
90,00252179000002,CHICKEN SALAD B,2016-05-18,107.91,9.0,11.99,,EACH,1
90,00252179000002,CHICKEN SALAD B,2016-05-19,83.93,7.0,11.99,,EACH,1
90,00252179000002,CHICKEN SALAD B,2016-05-20,83.93,7.0,11.99,,EACH,1
90,00252179000002,CHICKEN SALAD B,2016-05-21,35.97,3.0,11.99,,EACH,1
90,00252179000002,CHICKEN SALAD B,2016-05-22,59.95,5.0,11.99,,EACH,1
90,00252179000002,CHICKEN SALAD B,2016-05-23,95.92,8.0,11.99,,EACH,1
90,00252179000002,CHICKEN SALAD B,2016-05-24,107.91,9.0,11.99,,EACH,1
90,00252179000002,CHICKEN SALAD B,2016-05-25,11.99,1.0,11.99,,EACH,1
90,00252179000002,CHICKEN SALAD B,2016-05-26,35.97,3.0,11.99,,EACH,1
90,00252179000002,CHICKEN SALAD B,2016-05-27,23.98,2.0,11.99,,EACH,1
90,00252179000002,CHICKEN SALAD B,2016-05-30,47.96,4.0,11.99,,EACH,1
90,00252179000002,CHICKEN SALAD B,2016-05-31,107.91,9.0,11.99,,EACH,1
90,00252179000002,CHICKEN SALAD B,2016-06-01,11.99,1.0,11.99,,EACH,1
90,00252179000002,CHICKEN SALAD B,2016-06-02,23.98,2.0,11.99,,EACH,1
90,00252179000002,CHICKEN SALAD B,2016-06-03,47.96,4.0,11.99,,EACH,1
90,00252179000002,CHICKEN SALAD B,2016-06-04,23.98,2.0,11.99,,EACH,1
90,00252179000002,CHICKEN SALAD B,2016-06-05,47.96,4.0,11.99,,EACH,1
90,00252179000002,CHICKEN SALAD B,2016-06-06,59.95,5.0,11.99,,EACH,1
90,00252179000002,CHICKEN SALAD B,2016-06-07,47.96,4.0,11.99,,EACH,1
90,00252179000002,CHICKEN SALAD B,2016-06-08,119.9,10.0,11.99,,EACH,1
90,00252179000002,CHICKEN SALAD B,2016-06-09,83.93,7.0,11.99,,EACH,1
90,00252179000002,CHICKEN SALAD B,2016-06-10,11.99,1.0,11.99,,EACH,1
90,00252179000002,CHICKEN SALAD B,2016-06-12,35.97,3.0,11.99,,EACH,1
90,00252179000002,CHICKEN SALAD B,2016-06-13,95.92,8.0,11.99,,EACH,1
90,00252179000002,CHICKEN SALAD B,2016-06-14,35.97,3.0,11.99,,EACH,1
90,00252179000002,CHICKEN SALAD B,2016-06-15,95.92,8.0,11.99,,EACH,1
90,00252179000002,CHICKEN SALAD B,2016-06-17,83.93,7.0,11.99,,EACH,1
90,00252179000002,CHICKEN SALAD B,2016-06-18,47.96,4.0,11.99,,EACH,1
90,00252179000002,CHICKEN SALAD B,2016-06-19,47.96,4.0,11.99,,EACH,1
90,00252179000002,CHICKEN SALAD B,2016-06-20,95.92,8.0,11.99,,EACH,1
90,00252179000002,CHICKEN SALAD B,2016-06-21,47.96,4.0,11.99,,EACH,1
90,00252179000002,CHICKEN SALAD B,2016-06-22,47.96,4.0,11.99,,EACH,1
90,00252179000002,CHICKEN SALAD B,2016-06-23,95.92,8.0,11.99,,EACH,1
90,00252179000002,CHICKEN SALAD B,2016-06-24,59.95,5.0,11.99,,EACH,1
90,00252179000002,CHICKEN SALAD B,2016-06-25,95.92,8.0,11.99,,EACH,1
90,00252179000002,CHICKEN SALAD B,2016-06-26,47.96,4.0,11.99,,EACH,1
90,00252179000002,CHICKEN SALAD B,2016-06-27,71.94,6.0,11.99,,EACH,1
90,00252179000002,CHICKEN SALAD B,2016-06-28,107.91,9.0,11.99,,EACH,1
90,00252179000002,CHICKEN SALAD B,2016-06-29,119.9,10.0,11.99,,EACH,1
90,00252179000002,CHICKEN SALAD B,2016-06-30,107.91,9.0,11.99,,EACH,1
90,00252179000002,CHICKEN SALAD B,2016-07-01,11.99,1.0,11.99,,EACH,1
90,00252179000002,CHICKEN SALAD B,2016-07-02,23.98,2.0,11.99,,EACH,1
90,00252179000002,CHICKEN SALAD B,2016-07-03,11.99,1.0,11.99,,EACH,1
90,00252179000002,CHICKEN SALAD B,2016-07-04,35.97,3.0,11.99,,EACH,1
90,00252179000002,CHICKEN SALAD B,2016-07-05,107.91,9.0,11.99,,EACH,1
90,00252179000002,CHICKEN SALAD B,2016-07-06,119.9,10.0,11.99,,EACH,1
90,00252179000002,CHICKEN SALAD B,2016-07-07,35.97,3.0,11.99,,EACH,1
90,00252179000002,CHICKEN SALAD B,2016-07-08,107.91,9.0,11.99,,EACH,1
90,00252179000002,CHICKEN SALAD B,2016-07-09,11.99,1.0,11.99,,EACH,1
90,00252179000002,CHICKEN SALAD B,2016-07-10,23.98,2.0,11.99,,EACH,1
90,00252179000002,CHICKEN SALAD B,2016-07-11,83.93,7.0,11.99,,EACH,1
90,00252179000002,CHICKEN SALAD B,2016-07-12,107.91,9.0,11.99,,EACH,1
90,00252179000002,CHICKEN SALAD B,2016-07-13,83.93,7.0,11.99,,EACH,1
90,00252179000002,CHICKEN SALAD B,2016-07-14,59.95,5.0,11.99,,EACH,1
90,00252179000002,CHICKEN SALAD B,2016-07-15,35.97,3.0,11.99,,EACH,1
90,00252179000002,CHICKEN SALAD B,2016-07-16,11.99,1.0,11.99,,EACH,1
90,00252179000002,CHICKEN SALAD B,2016-07-17,71.94,6.0,11.99,,EACH,1
90,00252179000002,CHICKEN SALAD B,2016-07-18,35.97,3.0,11.99,,EACH,1
90,00252179000002,CHICKEN SALAD B,2016-07-19,95.92,8.0,11.99,,EACH,1
90,00252179000002,CHICKEN SALAD B,2016-07-20,83.93,7.0,11.99,,EACH,1
90,00252179000002,CHICKEN SALAD B,2016-07-21,35.97,3.0,11.99,,EACH,1
90,00252179000002,CHICKEN SALAD B,2016-07-22,59.95,5.0,11.99,,EACH,1
90,00252179000002,CHICKEN SALAD B,2016-07-23,47.96,4.0,11.99,,EACH,1
90,00252179000002,CHICKEN SALAD B,2016-07-24,23.98,2.0,11.99,,EACH,1
90,00252179000002,CHICKEN SALAD B,2016-07-25,11.99,1.0,11.99,,EACH,1
90,00252179000002,CHICKEN SALAD B,2016-07-26,35.97,3.0,11.99,,EACH,1
90,00252179000002,CHICKEN SALAD B,2016-07-27,71.94,6.0,11.99,,EACH,1
90,00252179000002,CHICKEN SALAD B,2016-07-28,47.96,4.0,11.99,,EACH,1
90,00252179000002,CHICKEN SALAD B,2016-07-29,71.94,6.0,11.99,,EACH,1
90,00252179000002,CHICKEN SALAD B,2016-07-30,11.99,1.0,11.99,,EACH,1
90,00252179000002,CHICKEN SALAD B,2016-07-31,35.97,3.0,11.99,,EACH,1
90,00252179000002,CHICKEN SALAD B,2016-08-01,47.96,4.0,11.99,,EACH,1
90,00252179000002,CHICKEN SALAD B,2016-08-02,83.93,7.0,11.99,,EACH,1
90,00252179000002,CHICKEN SALAD B,2016-08-04,83.93,7.0,11.99,,EACH,1
90,00252179000002,CHICKEN SALAD B,2016-08-05,71.94,6.0,11.99,,EACH,1
90,00252179000002,CHICKEN SALAD B,2016-08-07,23.98,2.0,11.99,,EACH,1
90,00252179000002,CHICKEN SALAD B,2016-08-08,47.96,4.0,11.99,,EACH,1
90,00252179000002,CHICKEN SALAD B,2016-08-09,47.96,4.0,11.99,,EACH,1
90,00252179000002,CHICKEN SALAD B,2016-08-12,71.94,6.0,11.99,,EACH,1
90,00252179000002,CHICKEN SALAD B,2016-08-13,47.96,4.0,11.99,,EACH,1
90,00252179000002,CHICKEN SALAD B,2016-08-15,107.91,9.0,11.99,,EACH,1
90,00252179000002,CHICKEN SALAD B,2016-08-16,119.9,10.0,11.99,,EACH,1
90,00252179000002,CHICKEN SALAD B,2016-08-17,95.92,8.0,11.99,,EACH,1
90,00252179000002,CHICKEN SALAD B,2016-08-18,47.96,4.0,11.99,,EACH,1
90,00252179000002,CHICKEN SALAD B,2016-08-19,71.94,6.0,11.99,,EACH,1
90,00252179000002,CHICKEN SALAD B,2016-08-20,23.98,2.0,11.99,,EACH,1
90,00252179000002,CHICKEN SALAD B,2016-08-22,23.98,2.0,11.99,,EACH,1
90,00252179000002,CHICKEN SALAD B,2016-08-23,83.93,7.0,11.99,,EACH,1
90,00252179000002,CHICKEN SALAD B,2016-08-24,35.97,3.0,11.99,,EACH,1
90,00252179000002,CHICKEN SALAD B,2016-08-26,95.92,8.0,11.99,,EACH,1
90,00252179000002,CHICKEN SALAD B,2016-08-31,71.94,6.0,11.99,,EACH,1
90,00252179000002,CHICKEN SALAD B,2016-09-01,23.98,2.0,11.99,,EACH,1
90,00252179000002,CHICKEN SALAD B,2016-09-05,35.97,3.0,11.99,,EACH,1
90,00252179000002,CHICKEN SALAD B,2016-09-06,47.96,4.0,11.99,,EACH,1
90,00252179000002,CHICKEN SALAD B,2016-09-07,71.94,6.0,11.99,,EACH,1
90,00252179000002,CHICKEN SALAD B,2016-09-08,83.93,7.0,11.99,,EACH,1
90,00252179000002,CHICKEN SALAD B,2016-09-09,71.94,6.0,11.99,,EACH,1
90,00252179000002,CHICKEN SALAD B,2016-09-10,23.98,2.0,11.99,,EACH,1
90,00252179000002,CHICKEN SALAD B,2016-09-11,23.98,2.0,11.99,,EACH,1
90,00252179000002,CHICKEN SALAD B,2016-09-12,35.97,3.0,11.99,,EACH,1
90,00252179000002,CHICKEN SALAD B,2016-09-13,23.98,2.0,11.99,,EACH,1
90,00252179000002,CHICKEN SALAD B,2016-09-14,83.93,7.0,11.99,,EACH,1
90,00252179000002,CHICKEN SALAD B,2016-09-15,59.95,5.0,11.99,,EACH,1
90,00252179000002,CHICKEN SALAD B,2016-09-16,11.99,1.0,11.99,,EACH,1
90,00252179000002,CHICKEN SALAD B,2016-09-17,35.97,3.0,11.99,,EACH,1
90,00252179000002,CHICKEN SALAD B,2016-09-18,23.98,2.0,11.99,,EACH,1
90,00252179000002,CHICKEN SALAD B,2016-09-19,35.97,3.0,11.99,,EACH,1
90,00252179000002,CHICKEN SALAD B,2016-09-23,23.98,2.0,11.99,,EACH,1
90,00252179000002,CHICKEN SALAD B,2016-09-24,35.97,3.0,11.99,,EACH,1
90,00252179000002,CHICKEN SALAD B,2016-09-25,35.97,3.0,11.99,,EACH,1
90,00252179000002,CHICKEN SALAD B,2016-09-26,47.96,4.0,11.99,,EACH,1
90,00252179000002,CHICKEN SALAD B,2016-09-27,59.95,5.0,11.99,,EACH,1
90,00252179000002,CHICKEN SALAD B,2016-09-28,47.96,4.0,11.99,,EACH,1
90,00252179000002,CHICKEN SALAD B,2016-09-29,11.99,1.0,11.99,,EACH,1
90,00252179000002,CHICKEN SALAD B,2016-09-30,47.96,4.0,11.99,,EACH,1
90,00252179000002,CHICKEN SALAD B,2016-10-01,23.98,2.0,11.99,,EACH,1
90,00252179000002,CHICKEN SALAD B,2016-10-02,59.95,5.0,11.99,,EACH,1
90,00252179000002,CHICKEN SALAD B,2016-10-03,95.92,8.0,11.99,,EACH,1
90,00252179000002,CHICKEN SALAD B,2016-10-04,71.94,6.0,11.99,,EACH,1
90,00252179000002,CHICKEN SALAD B,2016-10-05,59.95,5.0,11.99,,EACH,1
90,00252179000002,CHICKEN SALAD B,2016-10-06,35.97,3.0,11.99,,EACH,1
90,00252179000002,CHICKEN SALAD B,2016-10-07,59.95,5.0,11.99,,EACH,1
90,00252179000002,CHICKEN SALAD B,2016-10-08,59.95,5.0,11.99,,EACH,1
90,00252179000002,CHICKEN SALAD B,2016-10-09,47.96,4.0,11.99,,EACH,1
90,00252179000002,CHICKEN SALAD B,2016-10-10,35.97,3.0,11.99,,EACH,1
90,00252179000002,CHICKEN SALAD B,2016-10-11,11.99,1.0,11.99,,EACH,1
90,00252179000002,CHICKEN SALAD B,2016-10-12,83.93,7.0,11.99,,EACH,1
90,00252179000002,CHICKEN SALAD B,2016-10-13,35.97,3.0,11.99,,EACH,1
90,00252179000002,CHICKEN SALAD B,2016-10-14,59.95,5.0,11.99,,EACH,1
90,00252179000002,CHICKEN SALAD B,2016-10-15,23.98,2.0,11.99,,EACH,1
90,00252179000002,CHICKEN SALAD B,2016-10-16,35.97,3.0,11.99,,EACH,1
90,00252179000002,CHICKEN SALAD B,2016-10-17,35.97,3.0,11.99,,EACH,1
90,00252179000002,CHICKEN SALAD B,2016-10-18,83.93,7.0,11.99,,EACH,1
90,00252179000002,CHICKEN SALAD B,2016-10-19,59.95,5.0,11.99,,EACH,1
90,00252179000002,CHICKEN SALAD B,2016-10-20,23.98,2.0,11.99,,EACH,1
90,00252179000002,CHICKEN SALAD B,2016-10-23,47.96,4.0,11.99,,EACH,1
90,00252179000002,CHICKEN SALAD B,2016-10-24,155.87,13.0,11.99,,EACH,1
90,00252179000002,CHICKEN SALAD B,2016-10-25,11.99,1.0,11.99,,EACH,1
90,00252179000002,CHICKEN SALAD B,2016-10-26,23.98,2.0,11.99,,EACH,1
90,00252179000002,CHICKEN SALAD B,2016-10-28,47.96,4.0,11.99,,EACH,1
90,00252179000002,CHICKEN SALAD B,2016-10-30,23.98,2.0,11.99,,EACH,1
90,00252179000002,CHICKEN SALAD B,2016-10-31,83.93,7.0,11.99,,EACH,1
90,00252179000002,CHICKEN SALAD B,2016-11-01,47.96,4.0,11.99,,EACH,1
90,00252179000002,CHICKEN SALAD B,2016-11-02,11.99,1.0,11.99,,EACH,1
90,00252179000002,CHICKEN SALAD B,2016-11-03,47.96,4.0,11.99,,EACH,1
90,00252179000002,CHICKEN SALAD B,2016-11-04,23.98,2.0,11.99,,EACH,1
90,00252179000002,CHICKEN SALAD B,2016-11-05,35.97,3.0,11.99,,EACH,1
90,00252179000002,CHICKEN SALAD B,2016-11-06,47.96,4.0,11.99,,EACH,1
90,00252179000002,CHICKEN SALAD B,2016-11-07,71.94,6.0,11.99,,EACH,1
90,00252179000002,CHICKEN SALAD B,2016-11-08,59.95,5.0,11.99,,EACH,1
90,00252179000002,CHICKEN SALAD B,2016-11-09,95.92,8.0,11.99,,EACH,1
90,00252179000002,CHICKEN SALAD B,2016-11-10,35.97,3.0,11.99,,EACH,1
90,00252179000002,CHICKEN SALAD B,2016-11-11,23.98,2.0,11.99,,EACH,1
90,00252179000002,CHICKEN SALAD B,2016-11-12,23.98,2.0,11.99,,EACH,1
90,00252179000002,CHICKEN SALAD B,2016-11-13,71.94,6.0,11.99,,EACH,1
90,00252179000002,CHICKEN SALAD B,2016-11-14,59.95,5.0,11.99,,EACH,1
90,00252179000002,CHICKEN SALAD B,2016-11-15,71.94,6.0,11.99,,EACH,1
90,00252179000002,CHICKEN SALAD B,2016-11-16,11.99,1.0,11.99,,EACH,1
90,00252179000002,CHICKEN SALAD B,2016-11-17,83.93,7.0,11.99,,EACH,1
90,00252179000002,CHICKEN SALAD B,2016-11-19,47.96,4.0,11.99,,EACH,1
90,00252179000002,CHICKEN SALAD B,2016-11-20,47.96,4.0,11.99,,EACH,1
90,00252179000002,CHICKEN SALAD B,2016-11-21,35.97,3.0,11.99,,EACH,1
90,00252179000002,CHICKEN SALAD B,2016-11-28,71.94,6.0,11.99,,EACH,1
90,00252179000002,CHICKEN SALAD B,2016-11-29,23.98,2.0,11.99,,EACH,1
90,00252179000002,CHICKEN SALAD B,2016-11-30,59.95,4.6,13.03,,EACH,1
90,00252179000002,CHICKEN SALAD B,2016-12-01,95.92,7.36,13.03,,EACH,1
90,00252179000002,CHICKEN SALAD B,2016-12-02,59.95,4.6,13.03,,EACH,1
90,00252179000002,CHICKEN SALAD B,2016-12-03,23.98,1.84,13.03,,EACH,1
90,00252179000002,CHICKEN SALAD B,2016-12-04,47.96,3.68,13.03,,EACH,1
90,00252179000002,CHICKEN SALAD B,2016-12-05,59.95,4.6,13.03,,EACH,1
90,00252179000002,CHICKEN SALAD B,2016-12-06,23.98,1.84,13.03,,EACH,1
90,00252179000002,CHICKEN SALAD B,2016-12-07,71.94,5.52,13.03,,EACH,1
90,00252179000002,CHICKEN SALAD B,2016-12-08,23.98,1.84,13.03,,EACH,1
90,00252179000002,CHICKEN SALAD B,2016-12-10,59.95,4.6,13.03,,EACH,1
90,00252179000002,CHICKEN SALAD B,2016-12-12,71.94,5.52,13.03,,EACH,1
90,00252179000002,CHICKEN SALAD B,2016-12-13,11.99,0.92,13.03,,EACH,1
90,00252179000002,CHICKEN SALAD B,2016-12-14,35.97,2.76,13.03,,EACH,1
90,00252179000002,CHICKEN SALAD B,2016-12-15,23.98,1.84,13.03,,EACH,1
90,00252179000002,CHICKEN SALAD B,2016-12-16,35.97,2.76,13.03,,EACH,1
90,00252179000002,CHICKEN SALAD B,2016-12-20,95.92,7.36,13.03,,EACH,1
90,00252179000002,CHICKEN SALAD B,2016-12-22,83.93,6.44,13.03,,EACH,1
90,00252179000002,CHICKEN SALAD B,2016-12-23,23.98,1.84,13.03,,EACH,1
90,00252179000002,CHICKEN SALAD B,2016-12-24,47.96,3.68,13.03,,EACH,1
90,00252179000002,CHICKEN SALAD B,2016-12-28,23.98,1.84,13.03,,EACH,1
90,00252179000002,CHICKEN SALAD B,2016-12-29,11.99,0.92,13.03,,EACH,1
90,00252179000002,CHICKEN SALAD B,2016-12-30,59.95,4.6,13.03,,EACH,1
90,00252179000002,CHICKEN SALAD B,2016-12-31,35.97,2.76,13.03,,EACH,1
90,00252179000002,CHICKEN SALAD B,2017-01-02,59.95,4.6,13.03,,EACH,1
90,00252179000002,CHICKEN SALAD B,2017-01-03,47.96,3.68,13.03,,EACH,1
90,00252179000002,CHICKEN SALAD B,2017-01-05,83.93,6.44,13.03,,EACH,1
90,00252179000002,CHICKEN SALAD B,2017-01-06,11.99,0.92,13.03,,EACH,1
90,00252179000002,CHICKEN SALAD B,2017-01-07,47.96,3.68,13.03,,EACH,1
90,00252179000002,CHICKEN SALAD B,2017-01-08,47.96,3.68,13.03,,EACH,1
90,00252179000002,CHICKEN SALAD B,2017-01-09,59.95,4.6,13.03,,EACH,1
90,00252179000002,CHICKEN SALAD B,2017-01-10,35.97,2.76,13.03,,EACH,1
90,00252179000002,CHICKEN SALAD B,2017-01-11,35.97,2.76,13.03,,EACH,1
90,00252179000002,CHICKEN SALAD B,2017-01-12,83.93,6.44,13.03,,EACH,1
90,00252179000002,CHICKEN SALAD B,2017-01-13,35.97,2.76,13.03,,EACH,1
90,00252179000002,CHICKEN SALAD B,2017-01-14,71.94,5.52,13.03,,EACH,1
90,00252179000002,CHICKEN SALAD B,2017-01-15,59.95,4.6,13.03,,EACH,1
90,00252179000002,CHICKEN SALAD B,2017-01-16,23.98,1.84,13.03,,EACH,1
90,00252179000002,CHICKEN SALAD B,2017-01-17,107.91,8.28,13.03,,EACH,1
90,00252179000002,CHICKEN SALAD B,2017-01-18,11.99,0.92,13.03,,EACH,1
90,00252179000002,CHICKEN SALAD B,2017-01-19,71.94,5.52,13.03,,EACH,1
90,00252179000002,CHICKEN SALAD B,2017-01-20,35.97,2.76,13.03,,EACH,1
90,00252179000002,CHICKEN SALAD B,2017-01-21,59.95,4.6,13.03,,EACH,1
90,00252179000002,CHICKEN SALAD B,2017-01-22,35.97,2.76,13.03,,EACH,1
