DRG_90_00252179000002.csv
store_id,upc_code,item_name,date,amount,quantity,unit_price,category,size,msu
90,00252179000002,CHICKEN SALAD B,2017-01-23,71.94,5.52,13.03,,EACH,1
90,00252179000002,CHICKEN SALAD B,2017-01-24,119.9,9.2,13.03,,EACH,1
90,00252179000002,CHICKEN SALAD B,2017-01-27,23.98,1.84,13.03,,EACH,1
90,00252179000002,CHICKEN SALAD B,2017-01-28,23.98,1.84,13.03,,EACH,1
90,00252179000002,CHICKEN SALAD B,2017-01-29,11.99,0.92,13.03,,EACH,1
90,00252179000002,CHICKEN SALAD B,2017-01-30,71.94,5.52,13.03,,EACH,1
90,00252179000002,CHICKEN SALAD B,2017-01-31,35.97,2.76,13.03,,EACH,1
90,00252179000002,CHICKEN SALAD B,2017-02-01,119.9,9.2,13.03,,EACH,1
90,00252179000002,CHICKEN SALAD B,2017-02-02,71.94,5.52,13.03,,EACH,1
90,00252179000002,CHICKEN SALAD B,2017-02-03,11.99,0.92,13.03,,EACH,1
90,00252179000002,CHICKEN SALAD B,2017-02-04,23.98,1.84,13.03,,EACH,1
90,00252179000002,CHICKEN SALAD B,2017-02-05,11.99,0.92,13.03,,EACH,1
90,00252179000002,CHICKEN SALAD B,2017-02-06,35.97,2.76,13.03,,EACH,1
90,00252179000002,CHICKEN SALAD B,2017-02-07,23.98,1.84,13.03,,EACH,1
90,00252179000002,CHICKEN SALAD B,2017-02-08,95.92,7.36,13.03,,EACH,1
90,00252179000002,CHICKEN SALAD B,2017-02-09,95.92,7.36,13.03,,EACH,1
90,00252179000002,CHICKEN SALAD B,2017-02-13,59.95,4.6,13.03,,EACH,1
90,00252179000002,CHICKEN SALAD B,2017-02-14,35.97,2.76,13.03,,EACH,1
90,00252179000002,CHICKEN SALAD B,2017-02-15,59.95,4.6,13.03,,EACH,1
90,00252179000002,CHICKEN SALAD B,2017-02-16,83.93,6.44,13.03,,EACH,1
90,00252179000002,CHICKEN SALAD B,2017-02-18,23.98,1.84,13.03,,EACH,1
90,00252179000002,CHICKEN SALAD B,2017-02-21,11.99,0.92,13.03,,EACH,1
90,00252179000002,CHICKEN SALAD B,2017-02-22,59.95,4.6,13.03,,EACH,1
90,00252179000002,CHICKEN SALAD B,2017-02-23,83.93,6.44,13.03,,EACH,1
90,00252179000002,CHICKEN SALAD B,2017-02-24,23.98,1.84,13.03,,EACH,1
90,00252179000002,CHICKEN SALAD B,2017-02-25,11.99,0.92,13.03,,EACH,1
90,00252179000002,CHICKEN SALAD B,2017-02-26,11.99,0.92,13.03,,EACH,1
90,00252179000002,CHICKEN SALAD B,2017-02-27,59.95,4.6,13.03,,EACH,1
90,00252179000002,CHICKEN SALAD B,2017-02-28,107.91,8.28,13.03,,EACH,1
90,00252179000002,CHICKEN SALAD B,2017-03-01,47.96,3.68,13.03,,EACH,1
90,00252179000002,CHICKEN SALAD B,2017-03-02,59.95,4.6,13.03,,EACH,1
90,00252179000002,CHICKEN SALAD B,2017-03-03,11.99,0.92,13.03,,EACH,1
90,00252179000002,CHICKEN SALAD B,2017-03-04,59.95,4.6,13.03,,EACH,1
90,00252179000002,CHICKEN SALAD B,2017-03-05,11.99,0.92,13.03,,EACH,1
90,00252179000002,CHICKEN SALAD B,2017-03-06,107.91,8.28,13.03,,EACH,1
90,00252179000002,CHICKEN SALAD B,2017-03-07,83.93,6.44,13.03,,EACH,1
90,00252179000002,CHICKEN SALAD B,2017-03-08,35.97,3.0,11.99,,EACH,1
90,00252179000002,CHICKEN SALAD B,2017-03-08,35.97,2.76,13.03,,EACH,1
90,00252179000002,CHICKEN SALAD B,2017-03-09,131.89,10.12,13.03,,EACH,1
90,00252179000002,CHICKEN SALAD B,2017-03-10,23.98,1.84,13.03,,EACH,1
90,00252179000002,CHICKEN SALAD B,2017-03-11,11.99,0.92,13.03,,EACH,1
90,00252179000002,CHICKEN SALAD B,2017-03-12,35.97,2.76,13.03,,EACH,1
90,00252179000002,CHICKEN SALAD B,2017-03-13,35.97,2.76,13.03,,EACH,1
90,00252179000002,CHICKEN SALAD B,2017-03-15,83.93,6.44,13.03,,EACH,1
90,00252179000002,CHICKEN SALAD B,2017-03-16,71.94,5.52,13.03,,EACH,1
90,00252179000002,CHICKEN SALAD B,2017-03-17,119.9,9.2,13.03,,EACH,1
90,00252179000002,CHICKEN SALAD B,2017-03-18,35.97,2.76,13.03,,EACH,1
90,00252179000002,CHICKEN SALAD B,2017-03-19,47.96,3.68,13.03,,EACH,1
90,00252179000002,CHICKEN SALAD B,2017-03-20,71.94,5.52,13.03,,EACH,1
90,00252179000002,CHICKEN SALAD B,2017-03-21,71.94,5.52,13.03,,EACH,1
90,00252179000002,CHICKEN SALAD B,2017-03-22,83.93,6.44,13.03,,EACH,1
90,00252179000002,CHICKEN SALAD B,2017-03-23,83.93,6.44,13.03,,EACH,1
90,00252179000002,CHICKEN SALAD B,2017-03-24,47.96,3.68,13.03,,EACH,1
90,00252179000002,CHICKEN SALAD B,2017-03-25,47.96,3.68,13.03,,EACH,1
90,00252179000002,CHICKEN SALAD B,2017-03-26,11.99,0.92,13.03,,EACH,1
90,00252179000002,CHICKEN SALAD B,2017-03-27,47.96,3.68,13.03,,EACH,1
90,00252179000002,CHICKEN SALAD B,2017-03-28,119.9,9.2,13.03,,EACH,1
90,00252179000002,CHICKEN SALAD B,2017-03-29,119.9,9.2,13.03,,EACH,1
90,00252179000002,CHICKEN SALAD B,2017-03-30,119.9,9.2,13.03,,EACH,1
90,00252179000002,CHICKEN SALAD B,2017-03-31,11.99,0.92,13.03,,EACH,1
90,00252179000002,CHICKEN SALAD B,2017-04-01,11.99,0.92,13.03,,EACH,1
90,00252179000002,CHICKEN SALAD B,2017-04-02,143.88,11.04,13.03,,EACH,1
90,00252179000002,CHICKEN SALAD B,2017-04-03,47.96,3.68,13.03,,EACH,1
90,00252179000002,CHICKEN SALAD B,2017-04-04,23.98,1.84,13.03,,EACH,1
90,00252179000002,CHICKEN SALAD B,2017-04-05,59.95,4.6,13.03,,EACH,1
90,00252179000002,CHICKEN SALAD B,2017-04-06,59.95,4.6,13.03,,EACH,1
90,00252179000002,CHICKEN SALAD B,2017-04-07,83.93,6.44,13.03,,EACH,1
90,00252179000002,CHICKEN SALAD B,2017-04-08,35.97,2.76,13.03,,EACH,1
90,00252179000002,CHICKEN SALAD B,2017-04-09,23.98,1.84,13.03,,EACH,1
90,00252179000002,CHICKEN SALAD B,2017-04-10,59.95,4.6,13.03,,EACH,1
90,00252179000002,CHICKEN SALAD B,2017-04-11,83.93,6.44,13.03,,EACH,1
90,00252179000002,CHICKEN SALAD B,2017-04-12,35.97,2.76,13.03,,EACH,1
90,00252179000002,CHICKEN SALAD B,2017-04-13,23.98,1.84,13.03,,EACH,1
90,00252179000002,CHICKEN SALAD B,2017-04-14,47.96,3.68,13.03,,EACH,1
90,00252179000002,CHICKEN SALAD B,2017-04-15,35.97,2.76,13.03,,EACH,1
90,00252179000002,CHICKEN SALAD B,2017-04-16,47.96,3.68,13.03,,EACH,1
90,00252179000002,CHICKEN SALAD B,2017-04-17,35.97,2.76,13.03,,EACH,1
90,00252179000002,CHICKEN SALAD B,2017-04-18,143.88,11.04,13.03,,EACH,1
90,00252179000002,CHICKEN SALAD B,2017-04-19,83.93,6.44,13.03,,EACH,1
90,00252179000002,CHICKEN SALAD B,2017-04-20,47.96,3.68,13.03,,EACH,1
90,00252179000002,CHICKEN SALAD B,2017-04-21,35.97,2.76,13.03,,EACH,1
90,00252179000002,CHICKEN SALAD B,2017-04-22,59.95,4.6,13.03,,EACH,1
90,00252179000002,CHICKEN SALAD B,2017-04-23,107.91,8.28,13.03,,EACH,1
90,00252179000002,CHICKEN SALAD B,2017-04-24,35.97,2.76,13.03,,EACH,1
90,00252179000002,CHICKEN SALAD B,2017-04-25,47.96,3.68,13.03,,EACH,1
90,00252179000002,CHICKEN SALAD B,2017-04-26,107.91,8.28,13.03,,EACH,1
90,00252179000002,CHICKEN SALAD B,2017-04-27,59.95,4.6,13.03,,EACH,1
90,00252179000002,CHICKEN SALAD B,2017-04-28,59.95,4.6,13.03,,EACH,1
90,00252179000002,CHICKEN SALAD B,2017-04-29,11.99,0.92,13.03,,EACH,1
90,00252179000002,CHICKEN SALAD B,2017-05-02,12.99,1.0,12.99,,EACH,1
90,00252179000002,CHICKEN SALAD B,2017-05-02,131.89,10.12,13.03,,EACH,1
90,00252179000002,CHICKEN SALAD B,2017-05-03,59.95,4.6,13.03,,EACH,1
90,00252179000002,CHICKEN SALAD B,2017-05-04,59.95,4.6,13.03,,EACH,1
90,00252179000002,CHICKEN SALAD B,2017-05-05,11.99,0.92,13.03,,EACH,1
90,00252179000002,CHICKEN SALAD B,2017-05-06,35.97,2.76,13.03,,EACH,1
90,00252179000002,CHICKEN SALAD B,2017-05-07,35.97,2.76,13.03,,EACH,1
90,00252179000002,CHICKEN SALAD B,2017-05-08,11.99,0.92,13.03,,EACH,1
90,00252179000002,CHICKEN SALAD B,2017-05-09,47.96,3.68,13.03,,EACH,1
90,00252179000002,CHICKEN SALAD B,2017-05-10,59.95,4.6,13.03,,EACH,1
90,00252179000002,CHICKEN SALAD B,2017-05-11,47.96,3.68,13.03,,EACH,1
90,00252179000002,CHICKEN SALAD B,2017-05-12,59.95,4.6,13.03,,EACH,1
90,00252179000002,CHICKEN SALAD B,2017-05-13,71.94,5.52,13.03,,EACH,1
90,00252179000002,CHICKEN SALAD B,2017-05-14,95.92,7.36,13.03,,EACH,1
90,00252179000002,CHICKEN SALAD B,2017-05-15,119.9,9.2,13.03,,EACH,1
90,00252179000002,CHICKEN SALAD B,2017-05-16,23.98,1.84,13.03,,EACH,1
90,00252179000002,CHICKEN SALAD B,2017-05-17,59.95,4.6,13.03,,EACH,1
90,00252179000002,CHICKEN SALAD B,2017-05-19,59.95,4.6,13.03,,EACH,1
90,00252179000002,CHICKEN SALAD B,2017-05-20,23.98,1.84,13.03,,EACH,1
90,00252179000002,CHICKEN SALAD B,2017-05-21,11.99,0.92,13.03,,EACH,1
90,00252179000002,CHICKEN SALAD B,2017-05-22,71.94,5.52,13.03,,EACH,1
90,00252179000002,CHICKEN SALAD B,2017-05-23,47.96,3.68,13.03,,EACH,1
90,00252179000002,CHICKEN SALAD B,2017-05-24,83.93,6.44,13.03,,EACH,1
90,00252179000002,CHICKEN SALAD B,2017-05-25,95.92,7.36,13.03,,EACH,1
90,00252179000002,CHICKEN SALAD B,2017-05-25,12.99,1.0,12.99,,EACH,1
90,00252179000002,CHICKEN SALAD B,2017-05-26,83.93,6.44,13.03,,EACH,1
90,00252179000002,CHICKEN SALAD B,2017-05-27,23.98,1.84,13.03,,EACH,1
90,00252179000002,CHICKEN SALAD B,2017-05-28,23.98,1.84,13.03,,EACH,1
90,00252179000002,CHICKEN SALAD B,2017-05-29,11.99,0.92,13.03,,EACH,1
90,00252179000002,CHICKEN SALAD B,2017-05-30,59.95,4.6,13.03,,EACH,1
90,00252179000002,CHICKEN SALAD B,2017-05-31,131.89,10.12,13.03,,EACH,1
90,00252179000002,CHICKEN SALAD B,2017-06-01,59.95,4.6,13.03,,EACH,1
90,00252179000002,CHICKEN SALAD B,2017-06-03,23.98,1.84,13.03,,EACH,1
90,00252179000002,CHICKEN SALAD B,2017-06-04,35.97,2.76,13.03,,EACH,1
90,00252179000002,CHICKEN SALAD B,2017-06-05,23.98,1.84,13.03,,EACH,1
90,00252179000002,CHICKEN SALAD B,2017-06-06,59.95,4.6,13.03,,EACH,1
90,00252179000002,CHICKEN SALAD B,2017-06-07,35.97,2.76,13.03,,EACH,1
90,00252179000002,CHICKEN SALAD B,2017-06-08,95.92,7.36,13.03,,EACH,1
90,00252179000002,CHICKEN SALAD B,2017-06-09,35.97,2.76,13.03,,EACH,1
90,00252179000002,CHICKEN SALAD B,2017-06-10,47.96,3.68,13.03,,EACH,1
90,00252179000002,CHICKEN SALAD B,2017-06-11,35.97,2.76,13.03,,EACH,1
90,00252179000002,CHICKEN SALAD B,2017-06-12,119.9,9.2,13.03,,EACH,1
90,00252179000002,CHICKEN SALAD B,2017-06-13,95.92,7.36,13.03,,EACH,1
90,00252179000002,CHICKEN SALAD B,2017-06-14,131.89,10.12,13.03,,EACH,1
90,00252179000002,CHICKEN SALAD B,2017-06-15,83.93,6.44,13.03,,EACH,1
90,00252179000002,CHICKEN SALAD B,2017-06-16,23.98,1.84,13.03,,EACH,1
90,00252179000002,CHICKEN SALAD B,2017-06-17,47.96,3.68,13.03,,EACH,1
90,00252179000002,CHICKEN SALAD B,2017-06-18,23.98,1.84,13.03,,EACH,1
90,00252179000002,CHICKEN SALAD B,2017-06-19,23.98,1.84,13.03,,EACH,1
90,00252179000002,CHICKEN SALAD B,2017-06-20,83.93,6.44,13.03,,EACH,1
90,00252179000002,CHICKEN SALAD B,2017-06-21,59.95,4.6,13.03,,EACH,1
90,00252179000002,CHICKEN SALAD B,2017-06-22,35.97,2.76,13.03,,EACH,1
90,00252179000002,CHICKEN SALAD B,2017-06-23,59.95,4.6,13.03,,EACH,1
90,00252179000002,CHICKEN SALAD B,2017-06-24,35.97,2.76,13.03,,EACH,1
90,00252179000002,CHICKEN SALAD B,2017-06-25,35.97,2.76,13.03,,EACH,1
90,00252179000002,CHICKEN SALAD B,2017-06-26,35.97,2.76,13.03,,EACH,1
90,00252179000002,CHICKEN SALAD B,2017-06-27,71.94,5.52,13.03,,EACH,1
90,00252179000002,CHICKEN SALAD B,2017-06-28,59.95,4.6,13.03,,EACH,1
90,00252179000002,CHICKEN SALAD B,2017-06-29,71.94,5.52,13.03,,EACH,1
90,00252179000002,CHICKEN SALAD B,2017-06-30,35.97,2.76,13.03,,EACH,1
90,00252179000002,CHICKEN SALAD B,2017-07-01,23.98,1.84,13.03,,EACH,1
90,00252179000002,CHICKEN SALAD B,2017-07-02,23.98,1.84,13.03,,EACH,1
90,00252179000002,CHICKEN SALAD B,2017-07-03,23.98,1.84,13.03,,EACH,1
90,00252179000002,CHICKEN SALAD B,2017-07-04,35.97,2.76,13.03,,EACH,1
90,00252179000002,CHICKEN SALAD B,2017-07-05,143.88,11.04,13.03,,EACH,1
90,00252179000002,CHICKEN SALAD B,2017-07-05,25.98,2.0,12.99,,EACH,1
90,00252179000002,CHICKEN SALAD B,2017-07-06,51.96,4.0,12.99,,EACH,1
90,00252179000002,CHICKEN SALAD B,2017-07-06,35.97,2.76,13.03,,EACH,1
90,00252179000002,CHICKEN SALAD B,2017-07-07,12.99,1.0,12.99,,EACH,1
90,00252179000002,CHICKEN SALAD B,2017-07-08,181.86,14.0,12.99,,EACH,1
90,00252179000002,CHICKEN SALAD B,2017-07-09,25.98,2.0,12.99,,EACH,1
90,00252179000002,CHICKEN SALAD B,2017-07-10,129.9,10.0,12.99,,EACH,1
90,00252179000002,CHICKEN SALAD B,2017-07-11,51.96,4.0,12.99,,EACH,1
90,00252179000002,CHICKEN SALAD B,2017-07-12,38.97,3.0,12.99,,EACH,1
90,00252179000002,CHICKEN SALAD B,2017-07-13,64.95,5.0,12.99,,EACH,1
90,00252179000002,CHICKEN SALAD B,2017-07-14,38.97,3.0,12.99,,EACH,1
90,00252179000002,CHICKEN SALAD B,2017-07-14,35.97,2.76,13.03,,EACH,1
90,00252179000002,CHICKEN SALAD B,2017-07-15,23.98,1.84,13.03,,EACH,1
90,00252179000002,CHICKEN SALAD B,2017-07-15,51.96,4.0,12.99,,EACH,1
90,00252179000002,CHICKEN SALAD B,2017-07-16,25.98,2.0,12.99,,EACH,1
90,00252179000002,CHICKEN SALAD B,2017-07-17,83.93,6.44,13.03,,EACH,1
90,00252179000002,CHICKEN SALAD B,2017-07-17,51.96,4.0,12.99,,EACH,1
90,00252179000002,CHICKEN SALAD B,2017-07-18,35.97,2.76,13.03,,EACH,1
90,00252179000002,CHICKEN SALAD B,2017-07-19,47.96,3.68,13.03,,EACH,1
90,00252179000002,CHICKEN SALAD B,2017-07-19,25.98,2.0,12.99,,EACH,1
90,00252179000002,CHICKEN SALAD B,2017-07-20,90.93,7.0,12.99,,EACH,1
90,00252179000002,CHICKEN SALAD B,2017-07-21,11.99,0.92,13.03,,EACH,1
90,00252179000002,CHICKEN SALAD B,2017-07-21,38.97,3.0,12.99,,EACH,1
90,00252179000002,CHICKEN SALAD B,2017-07-22,11.99,0.92,13.03,,EACH,1
90,00252179000002,CHICKEN SALAD B,2017-07-22,12.99,1.0,12.99,,EACH,1
90,00252179000002,CHICKEN SALAD B,2017-07-23,47.96,3.68,13.03,,EACH,1
90,00252179000002,CHICKEN SALAD B,2017-07-23,64.95,5.0,12.99,,EACH,1
90,00252179000002,CHICKEN SALAD B,2017-07-24,90.93,7.0,12.99,,EACH,1
90,00252179000002,CHICKEN SALAD B,2017-07-24,11.99,0.92,13.03,,EACH,1
90,00252179000002,CHICKEN SALAD B,2017-07-25,64.95,5.0,12.99,,EACH,1
90,00252179000002,CHICKEN SALAD B,2017-07-26,25.98,2.0,12.99,,EACH,1
90,00252179000002,CHICKEN SALAD B,2017-07-27,90.93,7.0,12.99,,EACH,1
90,00252179000002,CHICKEN SALAD B,2017-07-28,35.97,2.76,13.03,,EACH,1
90,00252179000002,CHICKEN SALAD B,2017-07-28,103.92,8.0,12.99,,EACH,1
90,00252179000002,CHICKEN SALAD B,2017-07-29,25.98,2.0,12.99,,EACH,1
90,00252179000002,CHICKEN SALAD B,2017-07-30,11.99,0.92,13.03,,EACH,1
90,00252179000002,CHICKEN SALAD B,2017-07-30,12.99,1.0,12.99,,EACH,1
90,00252179000002,CHICKEN SALAD B,2017-07-31,51.96,4.0,12.99,,EACH,1
90,00252179000002,CHICKEN SALAD B,2017-07-31,11.99,0.92,13.03,,EACH,1
90,00252179000002,CHICKEN SALAD B,2017-08-01,38.97,3.0,12.99,,EACH,1
90,00252179000002,CHICKEN SALAD B,2017-08-02,38.97,3.0,12.99,,EACH,1
90,00252179000002,CHICKEN SALAD B,2017-08-03,25.98,2.0,12.99,,EACH,1
90,00252179000002,CHICKEN SALAD B,2017-08-04,64.95,5.0,12.99,,EACH,1
90,00252179000002,CHICKEN SALAD B,2017-08-05,38.97,3.0,12.99,,EACH,1
90,00252179000002,CHICKEN SALAD B,2017-08-06,38.97,3.0,12.99,,EACH,1
90,00252179000002,CHICKEN SALAD B,2017-08-07,103.92,8.0,12.99,,EACH,1
90,00252179000002,CHICKEN SALAD B,2017-08-08,51.96,4.0,12.99,,EACH,1
90,00252179000002,CHICKEN SALAD B,2017-08-09,51.96,4.0,12.99,,EACH,1
90,00252179000002,CHICKEN SALAD B,2017-08-10,64.95,5.0,12.99,,EACH,1
90,00252179000002,CHICKEN SALAD B,2017-08-11,51.96,4.0,12.99,,EACH,1
90,00252179000002,CHICKEN SALAD B,2017-08-12,12.99,1.0,12.99,,EACH,1
90,00252179000002,CHICKEN SALAD B,2017-08-12,13.99,1.08,12.95,,EACH,1
90,00252179000002,CHICKEN SALAD B,2017-08-13,25.98,2.0,12.99,,EACH,1
90,00252179000002,CHICKEN SALAD B,2017-08-13,27.98,2.16,12.95,,EACH,1
90,00252179000002,CHICKEN SALAD B,2017-08-14,12.99,1.0,12.99,,EACH,1
90,00252179000002,CHICKEN SALAD B,2017-08-14,83.94,6.48,12.95,,EACH,1
90,00252179000002,CHICKEN SALAD B,2017-08-15,69.95,5.4,12.95,,EACH,1
90,00252179000002,CHICKEN SALAD B,2017-08-16,55.96,4.0,13.99,,EACH,1
90,00252179000002,CHICKEN SALAD B,2017-08-17,125.91,9.0,13.99,,EACH,1
90,00252179000002,CHICKEN SALAD B,2017-08-18,41.97,3.0,13.99,,EACH,1
90,00252179000002,CHICKEN SALAD B,2017-08-19,12.99,0.93,13.97,,EACH,1
90,00252179000002,CHICKEN SALAD B,2017-08-20,41.97,3.0,13.99,,EACH,1
90,00252179000002,CHICKEN SALAD B,2017-08-20,12.99,0.93,13.97,,EACH,1
90,00252179000002,CHICKEN SALAD B,2017-08-21,13.99,1.0,13.99,,EACH,1
90,00252179000002,CHICKEN SALAD B,2017-08-21,12.99,0.93,13.97,,EACH,1
90,00252179000002,CHICKEN SALAD B,2017-08-22,25.98,2.0,12.99,,EACH,1
90,00252179000002,CHICKEN SALAD B,2017-08-22,13.99,1.0,13.99,,EACH,1
90,00252179000002,CHICKEN SALAD B,2017-08-22,51.96,3.72,13.97,,EACH,1
90,00252179000002,CHICKEN SALAD B,2017-08-23,27.98,2.0,13.99,,EACH,1
90,00252179000002,CHICKEN SALAD B,2017-08-23,12.99,0.93,13.97,,EACH,1
90,00252179000002,CHICKEN SALAD B,2017-08-24,139.9,10.0,13.99,,EACH,1
90,00252179000002,CHICKEN SALAD B,2017-08-25,55.96,4.0,13.99,,EACH,1
90,00252179000002,CHICKEN SALAD B,2017-08-26,69.95,5.0,13.99,,EACH,1
90,00252179000002,CHICKEN SALAD B,2017-08-27,97.93,7.0,13.99,,EACH,1
90,00252179000002,CHICKEN SALAD B,2017-08-29,83.94,6.0,13.99,,EACH,1
90,00252179000002,CHICKEN SALAD B,2017-08-30,139.9,10.0,13.99,,EACH,1
90,00252179000002,CHICKEN SALAD B,2017-08-31,111.92,8.0,13.99,,EACH,1
90,00252179000002,CHICKEN SALAD B,2017-09-01,69.95,5.0,13.99,,EACH,1
90,00252179000002,CHICKEN SALAD B,2017-09-02,111.92,8.0,13.99,,EACH,1
90,00252179000002,CHICKEN SALAD B,2017-09-03,13.99,1.0,13.99,,EACH,1
90,00252179000002,CHICKEN SALAD B,2017-09-04,27.98,2.0,13.99,,EACH,1
90,00252179000002,CHICKEN SALAD B,2017-09-05,181.87,13.0,13.99,,EACH,1
90,00252179000002,CHICKEN SALAD B,2017-09-06,111.92,8.0,13.99,,EACH,1
90,00252179000002,CHICKEN SALAD B,2017-09-07,69.95,5.0,13.99,,EACH,1
90,00252179000002,CHICKEN SALAD B,2017-09-08,41.97,3.0,13.99,,EACH,1
90,00252179000002,CHICKEN SALAD B,2017-09-09,111.92,8.0,13.99,,EACH,1
90,00252179000002,CHICKEN SALAD B,2017-09-10,13.99,1.0,13.99,,EACH,1
90,00252179000002,CHICKEN SALAD B,2017-09-11,111.92,8.0,13.99,,EACH,1
90,00252179000002,CHICKEN SALAD B,2017-09-12,83.94,6.0,13.99,,EACH,1
90,00252179000002,CHICKEN SALAD B,2017-09-13,111.92,8.0,13.99,,EACH,1
90,00252179000002,CHICKEN SALAD B,2017-09-14,69.95,5.0,13.99,,EACH,1
90,00252179000002,CHICKEN SALAD B,2017-09-15,97.93,7.0,13.99,,EACH,1
90,00252179000002,CHICKEN SALAD B,2017-09-16,41.97,3.0,13.99,,EACH,1
90,00252179000002,CHICKEN SALAD B,2017-09-17,97.93,7.0,13.99,,EACH,1
90,00252179000002,CHICKEN SALAD B,2017-09-18,27.98,2.0,13.99,,EACH,1
90,00252179000002,CHICKEN SALAD B,2017-09-19,69.95,5.0,13.99,,EACH,1
90,00252179000002,CHICKEN SALAD B,2017-09-20,55.96,4.0,13.99,,EACH,1
90,00252179000002,CHICKEN SALAD B,2017-09-20,51.96,3.72,13.97,,EACH,1
90,00252179000002,CHICKEN SALAD B,2017-09-21,38.97,2.79,13.97,,EACH,1
90,00252179000002,CHICKEN SALAD B,2017-09-23,13.99,1.0,13.99,,EACH,1
90,00252179000002,CHICKEN SALAD B,2017-09-24,41.97,3.0,13.99,,EACH,1
90,00252179000002,CHICKEN SALAD B,2017-09-25,139.9,10.0,13.99,,EACH,1
